
   PASS  Tests\Feature\GameFlowTest
  Γ£ô player can register via session component                            1.86s  
  Γ£ô player levels up after three correct answers                        88.97s  
  Γ£ô leaderboard page is accessible                                       0.07s  
  Γ£ô wrong answer logs zero score and keeps level                         2.65s  
  Γ£ô next round gets new instance key even with same question             1.40s  

  Tests:    5 passed (13 assertions)
  Duration: 95.41s

